<?xml version="1.0" encoding="utf-8"?><testsuites><testsuite name="pytest" errors="0" failures="0" skipped="0" tests="10" time="1.252" timestamp="2025-10-13T18:33:38.572641" hostname="F40FV4VH27"><testcase classname="unit.test_slm_stub" name="test_generate_answer_greeting" time="0.102" /><testcase classname="unit.test_slm_stub" name="test_generate_answer_friendly_check" time="0.001" /><testcase classname="unit.test_slm_stub" name="test_generate_answer_gratitude" time="0.001" /><testcase classname="unit.test_slm_stub" name="test_generate_answer_no_evidence" time="0.001" /><testcase classname="unit.test_slm_stub" name="test_generate_answer_deduplicates_sentences" time="0.001" /><testcase classname="unit.test_slm_stub" name="test_rewrite_query_lowercases" time="0.001" /><testcase classname="unit.test_observability" name="test_tracer_creates_span" time="0.001" /><testcase classname="unit.test_observability" name="test_metrics_collector_tracks_values" time="0.001" /><testcase classname="unit.test_observability" name="test_artifact_logger_persists" time="0.007" /><testcase classname="unit.test_observability" name="test_create_dashboard_includes_metrics" time="0.001" /></testsuite></testsuites>